nohup: ignoring input
ts=2026-03-23T18:30:13.528Z caller=main.go:525 level=info msg="No time or size retention was set so using the default time retention" duration=15d
ts=2026-03-23T18:30:13.528Z caller=main.go:563 level=info msg="Starting Prometheus Server" mode=server version="(version=2.45.3+ds, branch=debian/sid, revision=2.45.3+ds-2ubuntu0.3)"
ts=2026-03-23T18:30:13.528Z caller=main.go:568 level=info build_context="(go=go1.22.2, platform=linux/amd64, user=team+pkg-go@tracker.debian.org, date=20250721-00:51:10, tags=unknown)"
ts=2026-03-23T18:30:13.528Z caller=main.go:569 level=info host_details="(Linux 6.6.87.2-microsoft-standard-WSL2 #1 SMP PREEMPT_DYNAMIC Thu Jun  5 18:30:46 UTC 2025 x86_64 RohithKrishna localdomain)"
ts=2026-03-23T18:30:13.528Z caller=main.go:570 level=info fd_limits="(soft=1048576, hard=1048576)"
ts=2026-03-23T18:30:13.528Z caller=main.go:571 level=info vm_limits="(soft=unlimited, hard=unlimited)"
ts=2026-03-23T18:30:13.530Z caller=web.go:504 level=info component=web msg="Start listening for connections" address=0.0.0.0:9090
ts=2026-03-23T18:30:13.530Z caller=main.go:1004 level=info msg="Starting TSDB ..."
ts=2026-03-23T18:30:13.531Z caller=tls_config.go:313 level=info component=web msg="Listening on" address=[::]:9090
ts=2026-03-23T18:30:13.531Z caller=tls_config.go:316 level=info component=web msg="TLS is disabled." http2=false address=[::]:9090
ts=2026-03-23T18:30:13.533Z caller=head.go:595 level=info component=tsdb msg="Replaying on-disk memory mappable chunks if any"
ts=2026-03-23T18:30:13.533Z caller=head.go:676 level=info component=tsdb msg="On-disk memory mappable chunks replay completed" duration=1.393µs
ts=2026-03-23T18:30:13.533Z caller=head.go:684 level=info component=tsdb msg="Replaying WAL, this may take a while"
ts=2026-03-23T18:30:13.535Z caller=head.go:755 level=info component=tsdb msg="WAL segment loaded" segment=0 maxSegment=1
ts=2026-03-23T18:30:13.535Z caller=head.go:755 level=info component=tsdb msg="WAL segment loaded" segment=1 maxSegment=1
ts=2026-03-23T18:30:13.535Z caller=head.go:792 level=info component=tsdb msg="WAL replay completed" checkpoint_replay_duration=16.842µs wal_replay_duration=1.722027ms wbl_replay_duration=198ns total_replay_duration=1.752435ms
ts=2026-03-23T18:30:13.536Z caller=main.go:1025 level=info fs_type=EXT4_SUPER_MAGIC
ts=2026-03-23T18:30:13.536Z caller=main.go:1028 level=info msg="TSDB started"
ts=2026-03-23T18:30:13.536Z caller=main.go:1209 level=info msg="Loading configuration file" filename=/home/lenovo/wazuh-enrichment/monitoring/prometheus/prometheus.yml
ts=2026-03-23T18:30:13.537Z caller=main.go:1246 level=info msg="Completed loading of configuration file" filename=/home/lenovo/wazuh-enrichment/monitoring/prometheus/prometheus.yml totalDuration=1.481168ms db_storage=1.287µs remote_storage=1.311µs web_handler=655ns query_engine=925ns scrape=587.582µs scrape_sd=273.625µs notify=794ns notify_sd=1.247µs rules=984ns tracing=7.212µs
ts=2026-03-23T18:30:13.537Z caller=main.go:989 level=info msg="Server is ready to receive web requests."
ts=2026-03-23T18:30:13.537Z caller=manager.go:999 level=info component="rule manager" msg="Starting rule manager..."
ts=2026-03-23T18:33:25.656Z caller=main.go:839 level=warn msg="Received SIGTERM, exiting gracefully..."
ts=2026-03-23T18:33:25.657Z caller=main.go:863 level=info msg="Stopping scrape discovery manager..."
ts=2026-03-23T18:33:25.657Z caller=main.go:877 level=info msg="Stopping notify discovery manager..."
ts=2026-03-23T18:33:25.657Z caller=manager.go:1013 level=info component="rule manager" msg="Stopping rule manager..."
ts=2026-03-23T18:33:25.657Z caller=manager.go:1023 level=info component="rule manager" msg="Rule manager stopped"
ts=2026-03-23T18:33:25.657Z caller=main.go:914 level=info msg="Stopping scrape manager..."
ts=2026-03-23T18:33:25.657Z caller=main.go:873 level=info msg="Notify discovery manager stopped"
ts=2026-03-23T18:33:25.657Z caller=main.go:859 level=info msg="Scrape discovery manager stopped"
ts=2026-03-23T18:33:25.658Z caller=main.go:906 level=info msg="Scrape manager stopped"
ts=2026-03-23T18:33:25.664Z caller=notifier.go:603 level=info component=notifier msg="Stopping notification manager..."
ts=2026-03-23T18:33:25.664Z caller=main.go:1135 level=info msg="Notifier manager stopped"
ts=2026-03-23T18:33:25.664Z caller=main.go:1147 level=info msg="See you next time!"
